// Jest Snapshot v1, https://goo.gl/fbAQLP

exports[`TableHeader component matches the snapshot 1`] = `ShallowWrapper {}`;
